MY_NRF24.c:49:6:NRF24_DelayMicroSeconds	24	static
MY_NRF24.c:57:6:NRF24_csn	16	static
MY_NRF24.c:63:6:NRF24_ce	16	static
MY_NRF24.c:69:9:NRF24_read_register	24	static
MY_NRF24.c:86:6:NRF24_read_registerN	24	static
MY_NRF24.c:101:6:NRF24_write_register	24	static
MY_NRF24.c:114:6:NRF24_write_registerN	24	static
MY_NRF24.c:127:6:NRF24_write_payload	24	static
MY_NRF24.c:140:6:NRF24_read_payload	24	static
MY_NRF24.c:154:6:NRF24_flush_tx	8	static
MY_NRF24.c:159:6:NRF24_flush_rx	8	static
MY_NRF24.c:164:9:NRF24_get_status	16	static
MY_NRF24.c:172:6:NRF24_begin	24	static
MY_NRF24.c:245:6:NRF24_startListening	16	static
MY_NRF24.c:262:6:NRF24_stopListening	8	static
MY_NRF24.c:274:6:NRF24_write	32	static
MY_NRF24.c:316:6:NRF24_available	8	static
MY_NRF24.c:321:6:NRF24_read	24	static
MY_NRF24.c:330:6:NRF24_openWritingPipe	24	static
MY_NRF24.c:339:6:NRF24_openReadingPipe	32	static
MY_NRF24.c:363:6:NRF24_setRetries	16	static
MY_NRF24.c:369:6:NRF24_setChannel	24	static
MY_NRF24.c:375:6:NRF24_setPayloadSize	24	static
MY_NRF24.c:381:9:NRF24_getPayloadSize	4	static
MY_NRF24.c:386:9:NRF24_getDynamicPayloadSize	8	static
MY_NRF24.c:391:6:NRF24_enableAckPayload	8	static
MY_NRF24.c:404:6:NRF24_enableDynamicPayloads	8	static
MY_NRF24.c:418:6:NRF24_disableDynamicPayloads	8	static
MY_NRF24.c:426:6:NRF24_isNRF_Plus	4	static
MY_NRF24.c:431:6:NRF24_setAutoAck	16	static
MY_NRF24.c:439:6:NRF24_setAutoAckPipe	24	static
MY_NRF24.c:456:6:NRF24_setPALevel	24	static
MY_NRF24.c:487:15:NRF24_getPALevel	16	static
MY_NRF24.c:513:6:NRF24_setDataRate	24	static
MY_NRF24.c:558:17:NRF24_getDataRate	16	static
MY_NRF24.c:583:6:NRF24_setCRCLength	24	static
MY_NRF24.c:604:18:NRF24_getCRCLength	16	static
MY_NRF24.c:620:6:NRF24_disableCRC	16	static
MY_NRF24.c:626:6:NRF24_powerUp	8	static
MY_NRF24.c:631:6:NRF24_powerDown	8	static
MY_NRF24.c:636:6:NRF24_availablePipe	24	static
MY_NRF24.c:660:6:NRF24_startWrite	16	static
MY_NRF24.c:675:6:NRF24_writeAckPayload	24	static
MY_NRF24.c:686:6:NRF24_isAckPayloadAvailable	16	static
MY_NRF24.c:693:6:NRF24_whatHappened	32	static
MY_NRF24.c:704:6:NRF24_testCarrier	8	static
MY_NRF24.c:709:6:NRF24_testRPD	8	static
MY_NRF24.c:715:6:NRF24_resetStatus	8	static
MY_NRF24.c:721:6:NRF24_ACTIVATE_cmd	16	static
MY_NRF24.c:732:9:NRF24_GetAckPayloadSize	4	static
MY_NRF24.c:737:6:printRadioSettings	152	static
MY_NRF24.c:864:6:printStatusReg	136	static
MY_NRF24.c:880:6:printConfigReg	120	static
MY_NRF24.c:898:6:nrf24_DebugUART_Init	12	static
MY_NRF24.c:903:6:printFIFOstatus	128	static
